Archive member included because of file (symbol)

c:/linux/winavr/bin/../lib/gcc/avr/4.3.3/avr25\libgcc.a(_exit.o)
                              c:/linux/winavr/bin/../lib/gcc/avr/4.3.3/../../../../avr/lib/avr25/crttn13.o (exit)
c:/linux/winavr/bin/../lib/gcc/avr/4.3.3/avr25\libgcc.a(_clear_bss.o)
                              splitFlap.o (__do_clear_bss)

Discarded input sections

 .data          0x00000000        0x0 c:/linux/winavr/bin/../lib/gcc/avr/4.3.3/../../../../avr/lib/avr25/crttn13.o
 .bss           0x00000000        0x0 c:/linux/winavr/bin/../lib/gcc/avr/4.3.3/../../../../avr/lib/avr25/crttn13.o
 .text          0x00000000        0x0 splitFlap.o
 .data          0x00000000        0x0 splitFlap.o
 .bss           0x00000000        0x0 splitFlap.o
 .text.startTimer
                0x00000000        0x0 splitFlap.o
 .text          0x00000000        0x0 c:/linux/winavr/bin/../lib/gcc/avr/4.3.3/avr25\libgcc.a(_exit.o)
 .data          0x00000000        0x0 c:/linux/winavr/bin/../lib/gcc/avr/4.3.3/avr25\libgcc.a(_exit.o)
 .bss           0x00000000        0x0 c:/linux/winavr/bin/../lib/gcc/avr/4.3.3/avr25\libgcc.a(_exit.o)
 .text.libgcc   0x00000000        0x0 c:/linux/winavr/bin/../lib/gcc/avr/4.3.3/avr25\libgcc.a(_exit.o)
 .text          0x00000000        0x0 c:/linux/winavr/bin/../lib/gcc/avr/4.3.3/avr25\libgcc.a(_clear_bss.o)
 .data          0x00000000        0x0 c:/linux/winavr/bin/../lib/gcc/avr/4.3.3/avr25\libgcc.a(_clear_bss.o)
 .bss           0x00000000        0x0 c:/linux/winavr/bin/../lib/gcc/avr/4.3.3/avr25\libgcc.a(_clear_bss.o)
 .text.libgcc   0x00000000        0x0 c:/linux/winavr/bin/../lib/gcc/avr/4.3.3/avr25\libgcc.a(_clear_bss.o)

Memory Configuration

Name             Origin             Length             Attributes
text             0x00000000         0x00002000         xr
data             0x00800060         0x0000ffa0         rw !x
eeprom           0x00810000         0x00010000         rw !x
fuse             0x00820000         0x00000400         rw !x
lock             0x00830000         0x00000400         rw !x
signature        0x00840000         0x00000400         rw !x
*default*        0x00000000         0xffffffff

Linker script and memory map

LOAD c:/linux/winavr/bin/../lib/gcc/avr/4.3.3/../../../../avr/lib/avr25/crttn13.o
LOAD splitFlap.o
LOAD c:/linux/winavr/bin/../lib/gcc/avr/4.3.3/avr25\libgcc.a
LOAD c:/linux/winavr/bin/../lib/gcc/avr/4.3.3/../../../../avr/lib/avr25\libc.a
LOAD c:/linux/winavr/bin/../lib/gcc/avr/4.3.3/avr25\libgcc.a

.hash
 *(.hash)

.dynsym
 *(.dynsym)

.dynstr
 *(.dynstr)

.gnu.version
 *(.gnu.version)

.gnu.version_d
 *(.gnu.version_d)

.gnu.version_r
 *(.gnu.version_r)

.rel.init
 *(.rel.init)

.rela.init
 *(.rela.init)

.rel.text
 *(.rel.text)
 *(.rel.text.*)
 *(.rel.gnu.linkonce.t*)

.rela.text
 *(.rela.text)
 *(.rela.text.*)
 *(.rela.gnu.linkonce.t*)

.rel.fini
 *(.rel.fini)

.rela.fini
 *(.rela.fini)

.rel.rodata
 *(.rel.rodata)
 *(.rel.rodata.*)
 *(.rel.gnu.linkonce.r*)

.rela.rodata
 *(.rela.rodata)
 *(.rela.rodata.*)
 *(.rela.gnu.linkonce.r*)

.rel.data
 *(.rel.data)
 *(.rel.data.*)
 *(.rel.gnu.linkonce.d*)

.rela.data
 *(.rela.data)
 *(.rela.data.*)
 *(.rela.gnu.linkonce.d*)

.rel.ctors
 *(.rel.ctors)

.rela.ctors
 *(.rela.ctors)

.rel.dtors
 *(.rel.dtors)

.rela.dtors
 *(.rela.dtors)

.rel.got
 *(.rel.got)

.rela.got
 *(.rela.got)

.rel.bss
 *(.rel.bss)

.rela.bss
 *(.rela.bss)

.rel.plt
 *(.rel.plt)

.rela.plt
 *(.rela.plt)

.text           0x00000000      0x170
 *(.vectors)
 .vectors       0x00000000       0x14 c:/linux/winavr/bin/../lib/gcc/avr/4.3.3/../../../../avr/lib/avr25/crttn13.o
                0x00000000                __vectors
                0x00000000                __vector_default
 *(.vectors)
 *(.progmem.gcc*)
 *(.progmem*)
                0x00000014                . = ALIGN (0x2)
                0x00000014                __trampolines_start = .
 *(.trampolines)
 .trampolines   0x00000014        0x0 linker stubs
 *(.trampolines*)
                0x00000014                __trampolines_end = .
 *(.jumptables)
 *(.jumptables*)
 *(.lowtext)
 *(.lowtext*)
                0x00000014                __ctors_start = .
 *(.ctors)
                0x00000014                __ctors_end = .
                0x00000014                __dtors_start = .
 *(.dtors)
                0x00000014                __dtors_end = .
 SORT(*)(.ctors)
 SORT(*)(.dtors)
 *(.init0)
 .init0         0x00000014        0x0 c:/linux/winavr/bin/../lib/gcc/avr/4.3.3/../../../../avr/lib/avr25/crttn13.o
                0x00000014                __init
 *(.init0)
 *(.init1)
 *(.init1)
 *(.init2)
 .init2         0x00000014        0x8 c:/linux/winavr/bin/../lib/gcc/avr/4.3.3/../../../../avr/lib/avr25/crttn13.o
 *(.init2)
 *(.init3)
 *(.init3)
 *(.init4)
 .init4         0x0000001c       0x10 c:/linux/winavr/bin/../lib/gcc/avr/4.3.3/avr25\libgcc.a(_clear_bss.o)
                0x0000001c                __do_clear_bss
 *(.init4)
 *(.init5)
 *(.init5)
 *(.init6)
 *(.init6)
 *(.init7)
 *(.init7)
 *(.init8)
 *(.init8)
 *(.init9)
 .init9         0x0000002c        0x4 c:/linux/winavr/bin/../lib/gcc/avr/4.3.3/../../../../avr/lib/avr25/crttn13.o
 *(.init9)
 *(.text)
 .text          0x00000030        0x2 c:/linux/winavr/bin/../lib/gcc/avr/4.3.3/../../../../avr/lib/avr25/crttn13.o
                0x00000030                __bad_interrupt
                0x00000030                __vector_6
                0x00000030                __vector_7
                0x00000030                __vector_5
                0x00000030                __vector_4
                0x00000030                __vector_9
                0x00000030                __vector_2
                0x00000030                __vector_8
                0x00000032                . = ALIGN (0x2)
 *(.text.*)
 .text.__vector_1
                0x00000032       0x40 splitFlap.o
                0x00000032                __vector_1
 .text.stepForward
                0x00000072       0x60 splitFlap.o
                0x00000072                stepForward
 .text.__vector_3
                0x000000d2       0x5e splitFlap.o
                0x000000d2                __vector_3
 .text.enableInterupt
                0x00000130       0x16 splitFlap.o
                0x00000130                enableInterupt
 .text.home     0x00000146       0x14 splitFlap.o
                0x00000146                home
 .text.main     0x0000015a       0x12 splitFlap.o
                0x0000015a                main
                0x0000016c                . = ALIGN (0x2)
 *(.fini9)
 .fini9         0x0000016c        0x0 c:/linux/winavr/bin/../lib/gcc/avr/4.3.3/avr25\libgcc.a(_exit.o)
                0x0000016c                exit
                0x0000016c                _exit
 *(.fini9)
 *(.fini8)
 *(.fini8)
 *(.fini7)
 *(.fini7)
 *(.fini6)
 *(.fini6)
 *(.fini5)
 *(.fini5)
 *(.fini4)
 *(.fini4)
 *(.fini3)
 *(.fini3)
 *(.fini2)
 *(.fini2)
 *(.fini1)
 *(.fini1)
 *(.fini0)
 .fini0         0x0000016c        0x4 c:/linux/winavr/bin/../lib/gcc/avr/4.3.3/avr25\libgcc.a(_exit.o)
 *(.fini0)
                0x00000170                _etext = .

.data           0x00800060        0x0 load address 0x00000170
                0x00800060                PROVIDE (__data_start, .)
 *(.data)
 *(.data*)
 *(.rodata)
 *(.rodata*)
 *(.gnu.linkonce.d*)
                0x00800060                . = ALIGN (0x2)
                0x00800060                _edata = .
                0x00800060                PROVIDE (__data_end, .)

.bss            0x00800060        0x3
                0x00800060                PROVIDE (__bss_start, .)
 *(.bss)
 *(.bss*)
 .bss.motorPosition
                0x00800060        0x1 splitFlap.o
                0x00800060                motorPosition
 .bss.charBuffer
                0x00800061        0x1 splitFlap.o
                0x00800061                charBuffer
 .bss.currentChar
                0x00800062        0x1 splitFlap.o
                0x00800062                currentChar
 *(COMMON)
                0x00800063                PROVIDE (__bss_end, .)
                0x00000170                __data_load_start = LOADADDR (.data)
                0x00000170                __data_load_end = (__data_load_start + SIZEOF (.data))

.noinit         0x00800063        0x0
                0x00800063                PROVIDE (__noinit_start, .)
 *(.noinit*)
                0x00800063                PROVIDE (__noinit_end, .)
                0x00800063                _end = .
                0x00800063                PROVIDE (__heap_start, .)

.eeprom         0x00810000        0x0
 *(.eeprom*)
                0x00810000                __eeprom_end = .

.fuse
 *(.fuse)
 *(.lfuse)
 *(.hfuse)
 *(.efuse)

.lock
 *(.lock*)

.signature
 *(.signature*)

.stab
 *(.stab)

.stabstr
 *(.stabstr)

.stab.excl
 *(.stab.excl)

.stab.exclstr
 *(.stab.exclstr)

.stab.index
 *(.stab.index)

.stab.indexstr
 *(.stab.indexstr)

.comment
 *(.comment)

.debug
 *(.debug)

.line
 *(.line)

.debug_srcinfo
 *(.debug_srcinfo)

.debug_sfnames
 *(.debug_sfnames)

.debug_aranges  0x00000000       0x50
 *(.debug_aranges)
 .debug_aranges
                0x00000000       0x50 splitFlap.o

.debug_pubnames
                0x00000000       0xa5
 *(.debug_pubnames)
 .debug_pubnames
                0x00000000       0xa5 splitFlap.o

.debug_info     0x00000000      0x1de
 *(.debug_info)
 .debug_info    0x00000000      0x1de splitFlap.o
 *(.gnu.linkonce.wi.*)

.debug_abbrev   0x00000000      0x110
 *(.debug_abbrev)
 .debug_abbrev  0x00000000      0x110 splitFlap.o

.debug_line     0x00000000      0x30a
 *(.debug_line)
 .debug_line    0x00000000      0x30a splitFlap.o

.debug_frame    0x00000000       0x80
 *(.debug_frame)
 .debug_frame   0x00000000       0x80 splitFlap.o

.debug_str      0x00000000      0x143
 *(.debug_str)
 .debug_str     0x00000000      0x143 splitFlap.o
                                0x177 (size before relaxing)

.debug_loc      0x00000000       0x28
 *(.debug_loc)
 .debug_loc     0x00000000       0x28 splitFlap.o

.debug_macinfo
 *(.debug_macinfo)
OUTPUT(avrTx.elf elf32-avr)
LOAD linker stubs

.debug_ranges   0x00000000       0x90
 .debug_ranges  0x00000000       0x90 splitFlap.o
